=== A2 Prepare PackedWaveNet Baseline ===
timestamp: 2026-06-10T20:21:41+08:00
python executable: C:\Users\yanbo\Desktop\audio black box modeling system\.venv-a2\Scripts\python.exe
project root: C:\Users\yanbo\Desktop\Audio black box modeling system
nam version: 0.13.0
input: C:\Users\yanbo\Desktop\Audio black box modeling system\data\raw\baseline_input.wav
  sample_rate: 48000
  channels: 1
  frames: 9120000
  duration_seconds: 190.000000
  subtype: PCM_24
  dtype: float64
  peak_amplitude: 0.990000
  clipping_risk: False
output: C:\Users\yanbo\Desktop\Audio black box modeling system\data\raw\baseline_output.wav
  sample_rate: 48000
  channels: 1
  frames: 9120000
  duration_seconds: 190.000000
  subtype: PCM_24
  dtype: float64
  peak_amplitude: 0.720258
  clipping_risk: False
duration_delta_seconds: 0.000000
OVERALL: PASS
copied official packed config from: C:\Users\yanbo\Desktop\audio black box modeling system\.venv-a2\Lib\site-packages\nam\train\_resources\config_model_packed.json
baseline input: C:\Users\yanbo\Desktop\Audio black box modeling system\data\raw\baseline_input.wav
baseline output: C:\Users\yanbo\Desktop\Audio black box modeling system\data\raw\baseline_output.wav
data config: C:\Users\yanbo\Desktop\Audio black box modeling system\configs\a2_baseline\data.json
model config: C:\Users\yanbo\Desktop\Audio black box modeling system\configs\a2_baseline\model_packed.json
learning config: C:\Users\yanbo\Desktop\Audio black box modeling system\configs\a2_baseline\learning.json
output directory: C:\Users\yanbo\Desktop\Audio black box modeling system\outputs\a2_baseline
