=== A1 Prepare NAM Baseline ===
timestamp: 2026-06-10T01:59:54+08:00
python executable: C:\Users\yanbo\Desktop\Audio black box modeling system\.venv\Scripts\python.exe
project root: C:\Users\yanbo\Desktop\Audio black box modeling system
nam version: 0.12.2
input: C:\Users\yanbo\Desktop\Audio black box modeling system\data\raw\baseline_input.wav
  sample_rate: 48000
  channels: 1
  frames: 9120000
  duration_seconds: 190.000000
  subtype: PCM_24
  dtype: float64
  peak_amplitude: 0.990000
  clipping_risk: False
output: C:\Users\yanbo\Desktop\Audio black box modeling system\data\raw\baseline_output.wav
  sample_rate: 48000
  channels: 1
  frames: 9120000
  duration_seconds: 190.000000
  subtype: PCM_24
  dtype: float64
  peak_amplitude: 0.720258
  clipping_risk: False
duration_delta_seconds: 0.000000
OVERALL: PASS
baseline input: C:\Users\yanbo\Desktop\Audio black box modeling system\data\raw\baseline_input.wav
baseline output: C:\Users\yanbo\Desktop\Audio black box modeling system\data\raw\baseline_output.wav
data config: C:\Users\yanbo\Desktop\Audio black box modeling system\configs\a1_baseline\data.json
model config: C:\Users\yanbo\Desktop\Audio black box modeling system\configs\a1_baseline\model.json
learning config: C:\Users\yanbo\Desktop\Audio black box modeling system\configs\a1_baseline\learning.json
output directory: C:\Users\yanbo\Desktop\Audio black box modeling system\outputs\a1_baseline
