[2026-06-11T01:06:10.3303621+08:00] small verify
Command: C:\users\yanbo\desktop\audio black box modeling system\.venv-a2\Scripts\python.exe .\src\ntt\tcn\verify_tcn.py --output-dir outputs/tcn_gated/small
PASS config small.json: configs/tcn_gated/small.json
PASS config medium.json: configs/tcn_gated/medium.json
PASS config large.json: configs/tcn_gated/large.json
PASS config training.json: configs/tcn_gated/training.json
PASS config training_formal_small.json: configs/tcn_gated/training_formal_small.json
PASS config training_formal_medium.json: configs/tcn_gated/training_formal_medium.json
PASS config training_formal_large.json: configs/tcn_gated/training_formal_large.json
PASS config training_smoke_small.json: configs/tcn_gated/training_smoke_small.json
PASS config training_smoke_medium.json: configs/tcn_gated/training_smoke_medium.json
PASS config training_smoke_large.json: configs/tcn_gated/training_smoke_large.json
PASS best checkpoint: outputs/tcn_gated/small/checkpoints/best.pt
PASS last checkpoint: outputs/tcn_gated/small/checkpoints/last.pt
PASS prediction.wav: outputs/tcn_gated/small/prediction.wav
PASS training_metrics.json: outputs/tcn_gated/small/training_metrics.json
PASS inference_metadata.json: outputs/tcn_gated/small/inference_metadata.json
PASS prediction sample rate matches dry input: prediction=48000, dry=48000
PASS prediction length is reasonable: prediction=9119986, dry=9119986
PASS prediction contains no NaN/Inf: samples=9119986
PASS parameter_count recorded: 25665
PASS receptive_field recorded: 2053
PASS summary: 20/20 checks passed
