=== dependency version check 2026-06-10T01:19:29+08:00 ===
torch==2.11.0
torchaudio==2.11.0
librosa==0.11.0
matplotlib==3.10.8
tensorboard==2.20.0
soundfile==0.13.1
scipy==1.17.1
numpy==2.4.4
pandas==3.0.2
neural-amp-modeler==0.13.0
=== dependency version check 2026-06-10T01:55:20+08:00 ===
torch==2.11.0
torchaudio==2.11.0
librosa==0.11.0
matplotlib==3.10.8
tensorboard==2.20.0
soundfile==0.13.1
scipy==1.17.1
numpy==2.4.4
pandas==3.0.2
neural-amp-modeler==0.12.2
=== dependency version check 2026-06-10T01:57:55+08:00 ===
torch==2.11.0
torchaudio==2.11.0
librosa==0.11.0
matplotlib==3.10.8
tensorboard==2.20.0
soundfile==0.13.1
scipy==1.17.1
numpy==2.4.4
pandas==3.0.2
neural-amp-modeler==0.12.2
=== dependency version check 2026-06-10T01:57:55+08:00 ===
torch==2.11.0
torchaudio==2.11.0
librosa==0.11.0
matplotlib==3.10.8
tensorboard==2.20.0
soundfile==0.13.1
scipy==1.17.1
numpy==2.4.4
pandas==3.0.2
neural-amp-modeler==0.13.0
=== dependency version check 2026-06-10T01:59:54+08:00 ===
torch==2.11.0
torchaudio==2.11.0
librosa==0.11.0
matplotlib==3.10.8
tensorboard==2.20.0
soundfile==0.13.1
scipy==1.17.1
numpy==2.4.4
pandas==3.0.2
neural-amp-modeler==0.12.2
=== dependency version check 2026-06-10T01:59:54+08:00 ===
neural-amp-modeler==0.12.2
torch==2.11.0
=== dependency version check 2026-06-10T20:21:41+08:00 ===
torch==2.11.0
torchaudio==2.11.0
librosa==0.11.0
matplotlib==3.10.8
tensorboard==2.20.0
soundfile==0.13.1
scipy==1.17.1
numpy==2.4.4
pandas==3.0.2
neural-amp-modeler==0.13.0
